// Jest Snapshot v1, https://goo.gl/fbAQLP

exports[`PeopleCardsSingleCard component renders without crashing given the required props 1`] = `
<ContextProvider
  value={null}
>
  <PeopleCardsSingleCard
    dispatch={[MockFunction]}
    fetchFilms={[Function]}
    fetchHomeworld={[Function]}
    fetchSpecies={[Function]}
    fetchStarships={[Function]}
    fetchVehicles={[Function]}
    films={Array []}
    homeworld=""
    species={Array []}
    starships={Array []}
    store={
      Object {
        "dispatch": [Function],
        "getState": [Function],
        "replaceReducer": [Function],
        "subscribe": [Function],
        Symbol(observable): [Function],
      }
    }
    vehicles={Array []}
  />
</ContextProvider>
`;
